// Jest Snapshot v1, https://goo.gl/fbAQLP

exports[`Review should render ReviewComponent 1`] = `ShallowWrapper {}`;
