// Jest Snapshot v1, https://goo.gl/fbAQLP

exports[`Home should render Homepage component 1`] = `ShallowWrapper {}`;

exports[`Homepage should render Homepage component 1`] = `ShallowWrapper {}`;

exports[`should render Homepage component 1`] = `ShallowWrapper {}`;
