// Jest Snapshot v1, https://goo.gl/fbAQLP

exports[`ProductDetailComponent should render ProductDetailComponent 1`] = `ShallowWrapper {}`;
